[2025-08-05 02:53:17] ERROR: POST /api/v1/auth/login - Invalid credentials
[2025-08-05 02:59:27] ERROR: POST /api/v1/auth/create - Cannot read properties of undefined (reading 'role')
[2025-08-05 03:00:44] ERROR: GET /api/v1/employees/:id - Cast to ObjectId failed for value ":id" (type string) at path "_id" for model "Employee"
[2025-08-05 03:00:54] ERROR: GET /api/v1/employees/:id - Cast to ObjectId failed for value ":id" (type string) at path "_id" for model "Employee"
[2025-09-01 03:05:00] ERROR: POST /api/v1/auth/create - Cannot read properties of undefined (reading 'role')
[2025-09-01 03:06:19] ERROR: POST /api/v1/auth/login - secretOrPrivateKey must have a value
[2025-09-01 03:20:46] ERROR: GET /api/v1/auth/me - User not found
[2025-09-01 03:20:48] ERROR: GET /api/v1/auth/me - User not found
[2025-09-01 04:06:03] ERROR: POST /api/v1/auth/login - Invalid credentials
[2025-09-01 04:53:47] ERROR: POST /api/v1/auth/create - Cannot read properties of undefined (reading 'role')
[2025-09-01 04:54:12] ERROR: POST /api/v1/auth/create - Cannot read properties of undefined (reading 'role')
[2025-09-01 05:01:29] ERROR: POST /api/v1/leads - Lead validation failed: modeOfPayment: `Card` is not a valid enum value for path `modeOfPayment`.
[2025-09-01 16:01:09] ERROR: POST /api/v1/leads - Lead validation failed: modeOfPayment: `` is not a valid enum value for path `modeOfPayment`.
[2025-09-01 16:01:36] ERROR: POST /api/v1/leads - Lead validation failed: modeOfPayment: `` is not a valid enum value for path `modeOfPayment`.
[2025-09-01 16:02:29] ERROR: POST /api/v1/leads - Lead validation failed: modeOfPayment: `` is not a valid enum value for path `modeOfPayment`.
[2025-09-01 16:07:47] ERROR: GET /api/v1/doctors/undefined - Cast to ObjectId failed for value "undefined" (type string) at path "_id" for model "Doctor"
[2025-09-01 16:07:57] ERROR: GET /api/v1/doctors/undefined - Cast to ObjectId failed for value "undefined" (type string) at path "_id" for model "Doctor"
[2025-09-10 10:55:17] ERROR: POST /api/v1/auth/login - Operation `users.findOne()` buffering timed out after 10000ms
[2025-09-10 21:07:17] ERROR: GET /api/v1/leads/config - Cast to ObjectId failed for value "config" (type string) at path "_id" for model "Lead"
[2025-09-10 21:07:17] ERROR: GET /api/v1/leads/config - Cast to ObjectId failed for value "config" (type string) at path "_id" for model "Lead"
[2025-09-10 21:07:19] ERROR: GET /api/v1/leads/config - Cast to ObjectId failed for value "config" (type string) at path "_id" for model "Lead"
[2025-09-10 21:07:19] ERROR: GET /api/v1/leads/config - Cast to ObjectId failed for value "config" (type string) at path "_id" for model "Lead"
[2025-09-10 21:07:49] ERROR: GET /api/v1/leads/config - Cast to ObjectId failed for value "config" (type string) at path "_id" for model "Lead"
[2025-09-10 21:07:49] ERROR: GET /api/v1/leads/config - Cast to ObjectId failed for value "config" (type string) at path "_id" for model "Lead"
[2025-09-10 23:14:37] ERROR: GET /api/v1/employees/undefined - Cast to ObjectId failed for value "undefined" (type string) at path "_id" for model "Employee"
[2025-09-10 23:14:37] ERROR: GET /api/v1/employees/undefined - Cast to ObjectId failed for value "undefined" (type string) at path "_id" for model "Employee"
[2025-09-10 23:14:41] ERROR: GET /api/v1/employees/undefined - Cast to ObjectId failed for value "undefined" (type string) at path "_id" for model "Employee"
[2025-09-10 23:14:41] ERROR: GET /api/v1/employees/undefined - Cast to ObjectId failed for value "undefined" (type string) at path "_id" for model "Employee"
[2025-09-10 23:15:35] ERROR: GET /api/v1/doctors/undefined - Cast to ObjectId failed for value "undefined" (type string) at path "_id" for model "Doctor"
[2025-09-10 23:15:35] ERROR: GET /api/v1/doctors/undefined - Cast to ObjectId failed for value "undefined" (type string) at path "_id" for model "Doctor"
[2025-09-11 00:30:24] ERROR: GET /api/v1/doctors/undefined - Cast to ObjectId failed for value "undefined" (type string) at path "_id" for model "Doctor"
[2025-09-11 00:30:24] ERROR: GET /api/v1/doctors/undefined - Cast to ObjectId failed for value "undefined" (type string) at path "_id" for model "Doctor"
[2025-09-14 13:12:54] ERROR: POST /api/v1/auth/login - Invalid credentials
[2025-09-14 14:15:50] ERROR: GET /api/v1/hospitals/appointments - Cast to ObjectId failed for value "appointments" (type string) at path "_id" for model "Hospital"
[2025-09-14 14:15:50] ERROR: GET /api/v1/hospitals/appointments - Cast to ObjectId failed for value "appointments" (type string) at path "_id" for model "Hospital"
[2025-09-17 12:26:09] ERROR: POST /api/v1/auth/create - Cannot read properties of undefined (reading 'role')
[2025-10-08 15:38:47] ERROR: POST /api/v1/leads/68dfad53657fde857b0efb95/assign - Invalid employee ID provided
[2025-10-10 02:30:44] ERROR: POST /api/v1/hr/payroll/process - Failed to process payroll
[2025-10-10 04:13:30] ERROR: POST /api/v1/documents/upload - read ECONNRESET
[2025-10-10 04:13:52] ERROR: POST /api/v1/documents/upload - write EPIPE
[2025-10-10 04:42:55] ERROR: POST /api/v1/finance/payments - Payment validation failed: paymentMethod: Path `paymentMethod` is required., patientId: Path `patientId` is required.
[2025-10-10 05:04:32] ERROR: POST /api/v1/invoices - Invoice validation failed: createdBy: Path `createdBy` is required., generatedBy: Path `generatedBy` is required., entityName: Path `entityName` is required., entityType: Path `entityType` is required., totalAmount: Path `totalAmount` is required., taxableAmount: Path `taxableAmount` is required., subtotal: Path `subtotal` is required., category: `cab` is not a valid enum value for path `category`., status: `paid` is not a valid enum value for path `status`.
[2025-10-10 05:04:33] ERROR: POST /api/v1/invoices - Invoice validation failed: createdBy: Path `createdBy` is required., generatedBy: Path `generatedBy` is required., entityName: Path `entityName` is required., entityType: Path `entityType` is required., totalAmount: Path `totalAmount` is required., taxableAmount: Path `taxableAmount` is required., subtotal: Path `subtotal` is required., category: `cab` is not a valid enum value for path `category`., status: `paid` is not a valid enum value for path `status`.
[2025-10-10 05:04:42] ERROR: POST /api/v1/invoices - Invoice validation failed: createdBy: Path `createdBy` is required., generatedBy: Path `generatedBy` is required., entityName: Path `entityName` is required., entityType: Path `entityType` is required., totalAmount: Path `totalAmount` is required., taxableAmount: Path `taxableAmount` is required., subtotal: Path `subtotal` is required., category: `cab` is not a valid enum value for path `category`., status: `paid` is not a valid enum value for path `status`.
[2025-10-10 05:17:17] ERROR: POST /api/v1/invoices - Invoice validation failed: createdBy: Path `createdBy` is required., generatedBy: Path `generatedBy` is required., invoiceNumber: Path `invoiceNumber` is required.
[2025-10-10 05:42:20] ERROR: POST /api/v1/invoices - Invoice validation failed: invoiceNumber: Path `invoiceNumber` is required.
[2025-10-10 12:20:56] ERROR: POST /api/v1/finance/payments - Payment validation failed: paymentMethod: Path `paymentMethod` is required.
[2025-10-10 12:20:57] ERROR: POST /api/v1/finance/payments - Payment validation failed: paymentMethod: Path `paymentMethod` is required.
[2025-10-10 12:20:57] ERROR: POST /api/v1/finance/payments - Payment validation failed: paymentMethod: Path `paymentMethod` is required.
[2025-10-10 12:20:58] ERROR: POST /api/v1/finance/payments - Payment validation failed: paymentMethod: Path `paymentMethod` is required.
[2025-10-10 12:20:58] ERROR: POST /api/v1/finance/payments - Payment validation failed: paymentMethod: Path `paymentMethod` is required.
[2025-10-10 12:20:58] ERROR: POST /api/v1/finance/payments - Payment validation failed: paymentMethod: Path `paymentMethod` is required.
[2025-10-10 12:21:03] ERROR: POST /api/v1/finance/payments - Payment validation failed: paymentMethod: Path `paymentMethod` is required.
[2025-10-13 22:02:54] ERROR: GET /api/v1/invoices/68e8ac91d620f1739084f42b/download - Cannot populate path `relatedDocuments` because it is not in your schema. Set the `strictPopulate` option to false to override.
[2025-10-13 22:02:56] ERROR: GET /api/v1/invoices/68e8ac91d620f1739084f42b/download - Cannot populate path `relatedDocuments` because it is not in your schema. Set the `strictPopulate` option to false to override.
[2025-10-13 22:02:57] ERROR: GET /api/v1/invoices/68e8ac91d620f1739084f42b/download - Cannot populate path `relatedDocuments` because it is not in your schema. Set the `strictPopulate` option to false to override.
[2025-10-13 22:02:57] ERROR: GET /api/v1/invoices/68e8ac91d620f1739084f42b/download - Cannot populate path `relatedDocuments` because it is not in your schema. Set the `strictPopulate` option to false to override.
[2025-10-13 22:03:00] ERROR: GET /api/v1/invoices/68e8ac91d620f1739084f42b - Cannot populate path `relatedDocuments` because it is not in your schema. Set the `strictPopulate` option to false to override.
[2025-10-13 22:03:00] ERROR: GET /api/v1/invoices/68e8ac91d620f1739084f42b - Cannot populate path `relatedDocuments` because it is not in your schema. Set the `strictPopulate` option to false to override.
[2025-10-13 22:03:04] ERROR: GET /api/v1/invoices/68e8ac91d620f1739084f42b/download - Cannot populate path `relatedDocuments` because it is not in your schema. Set the `strictPopulate` option to false to override.
[2025-10-13 22:03:13] ERROR: GET /api/v1/invoices/68e8acabd620f1739084f43a - Cannot populate path `relatedDocuments` because it is not in your schema. Set the `strictPopulate` option to false to override.
[2025-10-13 22:03:13] ERROR: GET /api/v1/invoices/68e8acabd620f1739084f43a - Cannot populate path `relatedDocuments` because it is not in your schema. Set the `strictPopulate` option to false to override.
[2025-10-13 22:08:52] ERROR: GET /api/v1/invoices/68e8acabd620f1739084f43a - Cannot populate path `relatedDocuments` because it is not in your schema. Set the `strictPopulate` option to false to override.
[2025-10-13 22:08:52] ERROR: GET /api/v1/invoices/68e8acabd620f1739084f43a - Cannot populate path `relatedDocuments` because it is not in your schema. Set the `strictPopulate` option to false to override.
[2025-10-13 22:08:56] ERROR: GET /api/v1/invoices/68e8acabd620f1739084f43a/download - Cannot populate path `relatedDocuments` because it is not in your schema. Set the `strictPopulate` option to false to override.
[2025-10-13 22:08:59] ERROR: GET /api/v1/invoices/68e8acabd620f1739084f43a - Cannot populate path `relatedDocuments` because it is not in your schema. Set the `strictPopulate` option to false to override.
[2025-10-13 22:08:59] ERROR: GET /api/v1/invoices/68e8acabd620f1739084f43a - Cannot populate path `relatedDocuments` because it is not in your schema. Set the `strictPopulate` option to false to override.
[2025-10-13 22:09:05] ERROR: GET /api/v1/invoices/68e8acabd620f1739084f43a - Cannot populate path `relatedDocuments` because it is not in your schema. Set the `strictPopulate` option to false to override.
[2025-10-13 22:09:05] ERROR: GET /api/v1/invoices/68e8acabd620f1739084f43a - Cannot populate path `relatedDocuments` because it is not in your schema. Set the `strictPopulate` option to false to override.
[2025-10-13 22:15:32] ERROR: GET /api/v1/invoices/68e8acabd620f1739084f43a/download - The "paths[0]" argument must be of type string. Received undefined
[2025-10-16 16:01:50] ERROR: GET /api/v1/cabs/book - Cast to ObjectId failed for value "book" (type string) at path "_id" for model "Cab"
[2025-10-16 16:01:50] ERROR: GET /api/v1/cabs/book - Cast to ObjectId failed for value "book" (type string) at path "_id" for model "Cab"
[2025-10-16 16:02:57] ERROR: POST /api/v1/doctors - Doctor validation failed: hospitalIds.0: Cast to [ObjectId] failed for value "[ 'ABC ' ]" (type string) at path "hospitalIds.0" because of "CastError"
[2025-10-16 16:03:04] ERROR: POST /api/v1/doctors - Doctor validation failed: hospitalIds.0: Cast to [ObjectId] failed for value "[ 'ABC ' ]" (type string) at path "hospitalIds.0" because of "CastError"
[2025-10-16 16:03:10] ERROR: POST /api/v1/doctors - Doctor validation failed: hospitalIds.0: Cast to [ObjectId] failed for value "[ 'ABC ' ]" (type string) at path "hospitalIds.0" because of "CastError"
[2025-10-16 16:06:53] ERROR: GET /api/v1/cabs/book - Cast to ObjectId failed for value "book" (type string) at path "_id" for model "Cab"
[2025-10-16 16:06:53] ERROR: GET /api/v1/cabs/book - Cast to ObjectId failed for value "book" (type string) at path "_id" for model "Cab"
[2025-10-17 02:36:24] ERROR: POST /api/v1/leads/68effab377374759b261cd79/assign - Invalid employee ID provided
[2026-01-02 04:50:23] ERROR: POST /api/v1/employees/68f08f01f96e9d61daa90891/create-account - User with this phone number already exists
[2026-01-02 04:50:27] ERROR: POST /api/v1/employees/68f08d78f96e9d61daa90870/create-account - User with this phone number already exists
[2026-01-02 04:50:30] ERROR: POST /api/v1/employees/68f08d00f96e9d61daa90864/create-account - User with this phone number already exists
[2026-01-02 04:50:32] ERROR: POST /api/v1/employees/68f08bfdf96e9d61daa90838/create-account - User with this phone number already exists
[2026-01-02 04:50:35] ERROR: POST /api/v1/employees/68ef6ca949a4c4d56dfd3fd6/create-account - User with this phone number already exists
[2026-01-02 05:07:20] ERROR: POST /api/v1/employees/68ef6ca949a4c4d56dfd3fd6/create-account - User with this phone number already exists
[2026-01-02 05:08:22] ERROR: POST /api/v1/employees/68f08f01f96e9d61daa90891/create-account - User with this phone number already exists
[2026-01-14 13:54:22] ERROR: POST /api/v1/employees - Employee validation failed: reportsTo: Cast to ObjectId failed for value "" (type string) at path "reportsTo" because of "BSONError"
[2026-01-14 13:54:24] ERROR: POST /api/v1/employees - Employee validation failed: reportsTo: Cast to ObjectId failed for value "" (type string) at path "reportsTo" because of "BSONError"
[2026-01-14 13:54:24] ERROR: POST /api/v1/employees - Employee validation failed: reportsTo: Cast to ObjectId failed for value "" (type string) at path "reportsTo" because of "BSONError"
[2026-01-14 13:54:25] ERROR: POST /api/v1/employees - Employee validation failed: reportsTo: Cast to ObjectId failed for value "" (type string) at path "reportsTo" because of "BSONError"
[2026-01-23 00:12:19] ERROR: GET /api/v1/finance/payments? - getaddrinfo ENOTFOUND ac-i6xi8hp-shard-00-00.727tycn.mongodb.net
[2026-01-23 00:12:19] ERROR: GET /api/v1/finance/payments/stats - getaddrinfo ENOTFOUND ac-i6xi8hp-shard-00-00.727tycn.mongodb.net
[2026-01-24 01:11:46] ERROR: GET /api/v1/invoices/693173196ae312d8d63dbe1c/download - Cannot read properties of undefined (reading 'title')
[2026-01-24 01:11:52] ERROR: GET /api/v1/invoices/693173196ae312d8d63dbe1c/download - Cannot read properties of undefined (reading 'title')
[2026-01-24 01:11:53] ERROR: GET /api/v1/invoices/693173196ae312d8d63dbe1c/download - Cannot read properties of undefined (reading 'title')
[2026-01-24 01:11:54] ERROR: GET /api/v1/invoices/693173196ae312d8d63dbe1c/download - Cannot read properties of undefined (reading 'title')
[2026-01-24 01:11:54] ERROR: GET /api/v1/invoices/693173196ae312d8d63dbe1c/download - Cannot read properties of undefined (reading 'title')
[2026-01-24 01:11:58] ERROR: GET /api/v1/invoices/696dcb0b005ab184640172b9/download - Cannot read properties of undefined (reading 'title')
[2026-01-24 02:31:14] ERROR: GET /api/v1/invoices/696dcb0b005ab184640172b9/download - Cannot read properties of undefined (reading 'title')
[2026-01-26 22:03:06] ERROR: GET /api/v1/invoices/696dcb0b005ab184640172b9/download - Cannot read properties of undefined (reading 'title')
[2026-01-26 22:03:10] ERROR: GET /api/v1/invoices/696dcb0b005ab184640172b9/download - Cannot read properties of undefined (reading 'title')
[2026-01-26 22:15:11] ERROR: GET /api/v1/invoices/696dcb0b005ab184640172b9/download - Cannot read properties of undefined (reading 'title')
[2026-02-09 16:22:28] ERROR: POST /api/v1/auth/login - Admin users must login using OTP. Please use the 'Request OTP' option.
[2026-02-09 16:41:19] ERROR: POST /api/v1/auth/send-otp - Failed to send OTP email. Please try again later.
[2026-02-09 16:43:14] ERROR: POST /api/v1/auth/send-otp - Failed to send OTP email. Please try again later.
[2026-02-09 16:43:28] ERROR: POST /api/v1/auth/send-otp - Failed to send OTP email. Please try again later.
[2026-02-09 16:55:06] ERROR: POST /api/v1/auth/send-otp - Failed to send OTP email. Please try again later.
[2026-02-09 16:58:40] ERROR: POST /api/v1/auth/send-otp - Failed to send OTP email. Please try again later.
[2026-02-09 17:20:39] ERROR: POST /api/v1/auth/send-otp - Failed to send OTP email. Please try again later.
[2026-02-09 17:21:11] ERROR: POST /api/v1/auth/send-otp - Failed to send OTP email. Please try again later.
[2026-02-09 17:21:40] ERROR: POST /api/v1/auth/send-otp - Failed to send OTP email. Please try again later.
[2026-02-09 17:27:39] ERROR: POST /api/v1/auth/send-otp - Failed to send OTP email. Please try again later.
[2026-02-09 17:28:09] ERROR: POST /api/v1/auth/send-otp - Failed to send OTP email. Please try again later.
[2026-02-09 17:30:11] ERROR: POST /api/v1/auth/send-otp - Failed to send OTP email. Please try again later.
[2026-02-09 17:31:18] ERROR: POST /api/v1/auth/send-otp - Failed to send OTP email. Please try again later.
[2026-02-09 17:38:21] ERROR: POST /api/v1/auth/send-otp - User not found with this email
[2026-02-09 18:53:26] ERROR: POST /api/v1/auth/send-otp - User not found with this email
[2026-02-09 18:59:00] ERROR: POST /api/v1/auth/send-otp - User not found with this email
[2026-02-09 18:59:29] ERROR: POST /api/v1/auth/send-otp - User not found with this email
[2026-02-24 22:50:25] ERROR: POST /api/v1/hospitals - Hospital validation failed: emergencyServices: `` is not a valid enum value for path `emergencyServices`.
[2026-02-24 22:50:29] ERROR: POST /api/v1/hospitals - Hospital validation failed: emergencyServices: `` is not a valid enum value for path `emergencyServices`.
[2026-02-24 22:51:13] ERROR: POST /api/v1/hospitals - Hospital validation failed: emergencyServices: `` is not a valid enum value for path `emergencyServices`.
[2026-03-16 11:50:07] ERROR: GET /api/v1/auth/credentials/6995f2872ad184014bad5e0d - Cannot read properties of undefined (reading 'role')
[2026-03-29 21:07:33] ERROR: POST /api/v1/auth/verify-otp - Invalid or expired OTP
[2026-04-01 18:34:14] ERROR: POST /api/v1/auth/verify-otp - Invalid or expired OTP
